logic__132: 
logic__125: 
logic__55: 
logic__113: 
logic__101: 
logic__29: 
logic: 
logic__72: 
case__2: 
reg__10: 
case__6: 
logic__22: 
logic__114: 
reg__5: 
logic__39: 
generic_baseblocks_v2_1_0_mux_enc__parameterized0: 
logic__38: 
logic__46: 
axi_crossbar_v2_1_20_crossbar_sasd: 
reg__17: 
reg__6: 
logic__158: 
case: 
reg__1: 
generic_baseblocks_v2_1_0_comparator_static: 
logic__167: 
case__18: 
logic__37: 
logic__139: 
logic__169: 
logic__146: 
logic__58: 
logic__89: 
case__9: 
logic__57: 
logic__68: 
logic__90: 
logic__170: 
logic__156: 
case__10: 
reg__4: 
logic__43: 
logic__159: 
generic_baseblocks_v2_1_0_mux_enc: 
logic__79: 
case__8: 
logic__153: 
logic__54: 
logic__97: 
logic__82: 
case__14: 
logic__7: 
logic__44: 
logic__173: 
logic__104: 
reg__8: 
case__20: 
logic__4: 
axi_crossbar_v2_1_20_addr_arbiter_sasd: 
case__7: 
axi_register_slice_v2_1_19_axic_register_slice: 
logic__155: 
generic_baseblocks_v2_1_0_mux_enc__parameterized3: 
generic_baseblocks_v2_1_0_mux_enc__parameterized2: 
logic__110: 
logic__106: 
logic__40: 
reg__3: 
case__5: 
reg__9: 
axi_crossbar_v2_1_20_decerr_slave: 
logic__157: 
logic__105: 
reg__13: 
case__3: 
logic__74: 
reg__22: 
logic__107: 
logic__36: 
reg__21: 
logic__85: 
logic__133: 
case__11: 
reg__12: 
case__1: 
axi_crossbar_v2_1_20_axi_crossbar: 
logic__2: 
reg__18: 
reg: 
design_1_xbar_13: 
logic__172: 
logic__168: 
reg__11: 
logic__41: 
logic__83: 
logic__181: 
axi_crossbar_v2_1_20_splitter: 
logic__176: 
logic__5: 
logic__52: 
logic__3: 
reg__14: 
case__4: 
generic_baseblocks_v2_1_0_mux_enc__parameterized1: 
logic__171: 
logic__115: 
logic__98: 
logic__177: 
reg__20: 
reg__2: 
generic_baseblocks_v2_1_0_mux_enc__parameterized4: 
logic__6: 
reg__23: 
reg__16: 
logic__84: 
logic__69: 
logic__86: 
case__19: 
logic__142: 
logic__134: 
logic__56: 
reg__15: 
logic__45: 
logic__166: 
logic__154: 
case__12: 
axi_crossbar_v2_1_20_addr_decoder: 
axi_crossbar_v2_1_20_splitter__parameterized0: 
logic__53: 
logic__1: 
reg__7: 
case__16: 
reg__19: 
case__13: 
logic__42: 
case__15: 
case__17: 
generic_baseblocks_v2_1_0_carry_and: 
logic__30: 
logic__73: 
