xbip_pipe_v3_0_6_viv__parameterized23: 
logic__34: 
datapath__39: 
case__185: 
logic__591: 
reg__53: 
case__156: 
delay__parameterized14: 
case__188: 
datapath__31: 
logic__40: 
xbip_pipe_v3_0_6_viv__parameterized15: 
logic__718: 
reg__1: 
logic__257: 
logic__179: 
reg__117: 
logic__456: 
logic__616: 
case__174: 
case__149: 
logic__276: 
logic__173: 
logic__75: 
case__30: 
logic__288: 
reg__102: 
reg__58: 
case__148: 
datapath__9: 
reg__134: 
logic__121: 
case__17: 
logic__215: 
logic__432: 
logic__668: 
dsrl__3: 
reg__29: 
batch_align2D: 
case__180: 
logic__241: 
case__48: 
reg__31: 
logic__673: 
logic__726: 
logic__657: 
logic__314: 
datapath__19: 
logic__402: 
reg__5: 
logic__296: 
case__130: 
reg__122: 
reg__78: 
reg__111: 
muxpart__23: 
logic__554: 
reg__125: 
signinv__10: 
delay__parameterized10: 
logic__721: 
reg__121: 
signinv__7: 
logic__354: 
datapath__5: 
case__69: 
case__144: 
reg__45: 
case__109: 
logic__443: 
reg__103: 
logic__236: 
case__86: 
case__176: 
datapath__4: 
case__145: 
delay: 
datapath__30: 
case__68: 
logic__240: 
logic__704: 
logic__693: 
reg__80: 
logic__683: 
logic__91: 
reg__94: 
reg__107: 
case__57: 
delay__parameterized2: 
logic__72: 
reg__86: 
case__90: 
case__137: 
reg__89: 
logic__101: 
batch_align2D_gmem_m_axi: 
delay__parameterized15: 
logic__70: 
reg__138: 
reg__15: 
reg__96: 
logic__313: 
case__58: 
logic__202: 
logic__335: 
signinv__4: 
muxpart__26: 
logic__541: 
logic__170: 
xbip_pipe_v3_0_6_viv__parameterized27: 
muxpart__27: 
reg__50: 
logic__684: 
datapath__12: 
logic__370: 
reg__97: 
logic__671: 
logic__665: 
case__175: 
reg__61: 
logic__56: 
batch_align2D_gmem_m_axi_fifo__parameterized1: 
logic__81: 
logic__297: 
case__125: 
logic__555: 
logic__108: 
case__126: 
case__81: 
logic__677: 
logic__626: 
flt_mult_exp: 
logic__269: 
xbip_pipe_v3_0_6_viv__parameterized21: 
logic__344: 
case__150: 
datapath__25: 
logic__88: 
logic__201: 
reg__46: 
reg__79: 
logic__102: 
case: 
logic__446: 
case__21: 
case__46: 
logic__80: 
logic__356: 
counter: 
batch_align2D_gmem_m_axi_write: 
logic__231: 
logic__625: 
datapath__28: 
signinv__14: 
case__172: 
delay__parameterized16: 
datapath__18: 
reg__6: 
logic__50: 
datapath__6: 
reg__124: 
logic__273: 
case__190: 
logic__519: 
case__171: 
logic__190: 
logic__692: 
logic__289: 
reg__87: 
batch_align2D_gmem_m_axi_reg_slice__parameterized0: 
case__22: 
logic__245: 
logic__271: 
case__78: 
logic__476: 
logic__30: 
logic__368: 
logic__578: 
reg__39: 
reg__126: 
reg__93: 
case__136: 
xbip_pipe_v3_0_6_viv__parameterized5: 
reg__48: 
delay__parameterized9: 
dsrl__2: 
counter__2: 
logic__35: 
logic__685: 
case__82: 
reg__16: 
logic__364: 
logic__442: 
reg__118: 
logic__71: 
case__153: 
datapath__20: 
counter__5: 
logic__183: 
reg__62: 
logic__348: 
logic__96: 
fix_mult_dsp48e1_sgl: 
logic__619: 
reg__57: 
logic__184: 
logic__49: 
logic__210: 
reg__113: 
logic__377: 
case__65: 
logic__69: 
case__169: 
logic__272: 
case__108: 
case__170: 
delay__parameterized6: 
delay__parameterized18: 
case__191: 
case__20: 
logic__451: 
datapath__29: 
batch_align2D_gmem_m_axi_fifo: 
logic__491: 
logic__254: 
logic__737: 
case__183: 
datapath__1: 
case__155: 
datapath__21: 
logic__186: 
signinv__9: 
logic__656: 
fix_mult: 
case__102: 
logic__209: 
reg__130: 
logic__477: 
case__87: 
logic__266: 
reg__141: 
reg__68: 
case__186: 
reg__38: 
counter__6: 
case__162: 
reg__19: 
case__64: 
logic__165: 
logic__522: 
delay__parameterized17: 
logic__715: 
logic__160: 
logic__281: 
dsp48e1_wrapper__parameterized0: 
logic__220: 
reg__101: 
case__56: 
muxpart__13: 
logic__711: 
logic__225: 
signinv: 
logic__573: 
dsp48e1_wrapper: 
logic__224: 
logic__482: 
logic__211: 
reg__17: 
logic__105: 
logic__601: 
logic__488: 
reg__56: 
case__129: 
reg__74: 
reg__90: 
reg__120: 
case__135: 
logic__514: 
datapath__24: 
logic__284: 
case__16: 
logic__489: 
special_detect: 
carry_chain__parameterized0: 
logic__28: 
logic__383: 
reg__33: 
case__61: 
logic__37: 
xbip_pipe_v3_0_6_viv__parameterized7: 
case__124: 
counter__3: 
logic__345: 
muxpart__17: 
reg__131: 
reg__72: 
reg__75: 
xbip_pipe_v3_0_6_viv__parameterized11: 
delay__parameterized0: 
dsrl__1: 
logic__156: 
logic__52: 
logic__159: 
case__142: 
case__92: 
logic__589: 
dsrl: 
case__23: 
flt_mult: 
logic__362: 
datapath__36: 
logic__559: 
muxpart: 
logic__604: 
logic__385: 
xbip_pipe_v3_0_6_viv__parameterized17: 
case__152: 
logic__464: 
reg__71: 
logic__43: 
case__31: 
datapath__35: 
case__104: 
case__163: 
case__96: 
reg__106: 
signinv__13: 
batch_align2D_gmem_m_axi_reg_slice: 
case__167: 
logic__651: 
logic__41: 
logic__301: 
case__151: 
xbip_pipe_v3_0_6_viv__parameterized29: 
case__77: 
extram__1: 
logic__155: 
case__141: 
logic__463: 
case__131: 
delay__parameterized5: 
datapath__10: 
logic__60: 
logic__655: 
logic__277: 
logic__264: 
case__55: 
reg__3: 
case__47: 
case__88: 
logic__176: 
batch_align2D_gmem_m_axi_throttl: 
carry_chain: 
logic__431: 
reg__129: 
logic__117: 
logic__666: 
logic__689: 
case__49: 
logic__180: 
reg__67: 
logic__237: 
case__50: 
reg__42: 
case__178: 
case__67: 
case__75: 
reg__2: 
logic__302: 
logic__701: 
logic__307: 
reg__104: 
logic__509: 
reg__99: 
case__165: 
case__94: 
xbip_pipe_v3_0_6_viv__parameterized13: 
logic__265: 
logic__363: 
logic__588: 
case__74: 
reg__83: 
delay__parameterized11: 
logic__338: 
datapath__32: 
logic__316: 
case__72: 
case__157: 
reg__28: 
case__18: 
case__100: 
case__181: 
logic__351: 
delay__parameterized7: 
reg__47: 
logic__687: 
batch_align2D_fmul_32ns_32ns_32_2_max_dsp_1: 
case__133: 
logic__717: 
logic__51: 
logic__177: 
case__159: 
datapath__11: 
batch_align2D_gmem_m_axi_buffer__parameterized0: 
logic__196: 
case__99: 
signinv__8: 
logic__727: 
datapath__40: 
logic__540: 
reg__88: 
case__53: 
logic__471: 
logic__611: 
reg__25: 
datapath__14: 
delay__parameterized4: 
logic__646: 
logic__46: 
reg__133: 
reg__54: 
datapath__13: 
reg__91: 
logic__676: 
logic__661: 
case__143: 
reg__20: 
case__164: 
case__73: 
signinv__12: 
logic__193: 
logic__45: 
case__71: 
logic__87: 
reg__81: 
reg__43: 
reg__112: 
reg__10: 
logic__399: 
logic__235: 
logic__256: 
addsub: 
reg__55: 
logic__97: 
logic__729: 
case__97: 
logic__328: 
logic__258: 
datapath__2: 
datapath__8: 
logic__48: 
reg: 
delay__parameterized19: 
case__85: 
case__52: 
reg__132: 
logic__42: 
reg__24: 
logic__513: 
reg__59: 
reg__135: 
batch_align2D_ap_fmul_0_max_dsp_32: 
counter__1: 
logic__164: 
logic__710: 
case__161: 
logic__480: 
case__127: 
muxpart__25: 
logic__339: 
logic__713: 
logic__255: 
logic__355: 
datapath__23: 
reg__30: 
reg__8: 
logic__86: 
reg__95: 
logic__107: 
case__101: 
design_1_batch_align2D_0_9: 
case__184: 
reg__123: 
logic__579: 
logic__735: 
muxpart__14: 
logic__27: 
logic__700: 
logic__516: 
logic__334: 
case__182: 
signinv__6: 
delay__parameterized3: 
logic__336: 
logic__386: 
logic__63: 
logic__305: 
datapath__38: 
logic__382: 
case__24: 
reg__105: 
reg__32: 
reg__66: 
case__83: 
logic__341: 
case__154: 
logic__369: 
reg__41: 
dsp48e1_wrapper__parameterized1: 
case__89: 
logic__249: 
logic__697: 
xbip_pipe_v3_0_6_viv__parameterized33: 
case__160: 
case__168: 
logic__712: 
logic__169: 
logic__658: 
logic__507: 
logic__251: 
logic__12: 
logic__389: 
logic__539: 
reg__100: 
reg__128: 
case__179: 
logic__33: 
case__128: 
delay__parameterized12: 
reg__140: 
logic__688: 
reg__77: 
reg__114: 
reg__139: 
reg__18: 
reg__7: 
addsub__2: 
logic__340: 
logic__174: 
logic__82: 
logic__380: 
reg__27: 
reg__36: 
muxpart__16: 
logic__118: 
reg__76: 
logic__143: 
addsub__1: 
case__91: 
batch_align2D_gmem_m_axi_fifo__parameterized0: 
xbip_pipe_v3_0_6_viv__parameterized31: 
compare_eq_im: 
counter__4: 
logic__716: 
case__70: 
logic__223: 
logic__743: 
flt_dec_op_lat: 
case__26: 
logic__736: 
case__166: 
reg__13: 
muxpart__15: 
logic__361: 
logic__374: 
reg__11: 
reg__137: 
logic__460: 
reg__119: 
logic__632: 
logic__150: 
logic__79: 
xbip_pipe_v3_0_6_viv__parameterized1: 
case__177: 
reg__12: 
reg__4: 
logic__198: 
logic__367: 
reg__73: 
logic__564: 
logic__178: 
reg__109: 
logic__674: 
reg__64: 
case__66: 
logic__214: 
case__11: 
logic__694: 
logic__543: 
logic__592: 
logic__607: 
logic__553: 
datapath: 
case__158: 
logic__381: 
case__134: 
signinv__11: 
signinv__5: 
logic__47: 
xbip_pipe_v3_0_6_viv__parameterized3: 
case__59: 
logic__44: 
logic__219: 
case__193: 
logic__481: 
logic__659: 
signinv__2: 
logic__696: 
reg__44: 
case__192: 
muxpart__7: 
logic__106: 
logic__185: 
batch_align2D_gmem_m_axi_read: 
datapath__15: 
logic__395: 
logic__490: 
logic__64: 
reg__136: 
logic__515: 
logic__285: 
reg__98: 
reg__127: 
reg__70: 
reg__92: 
logic__228: 
logic__587: 
case__95: 
reg__63: 
logic__558: 
logic__660: 
case__93: 
logic__472: 
logic__250: 
datapath__22: 
logic__728: 
reg__142: 
reg__34: 
datapath__3: 
logic__205: 
reg__37: 
logic__714: 
logic__306: 
logic__667: 
logic__114: 
datapath__41: 
logic__92: 
flt_mult_round: 
reg__23: 
case__60: 
logic__560: 
reg__52: 
case__62: 
logic__168: 
xbip_pipe_v3_0_6_viv__parameterized35: 
delay__parameterized8: 
logic__550: 
muxpart__28: 
reg__40: 
reg__116: 
batch_align2D_gmem_m_axi_buffer: 
extram: 
logic__723: 
reg__51: 
case__146: 
reg__14: 
case__139: 
logic__695: 
logic__392: 
reg__108: 
reg__49: 
logic__398: 
logic__29: 
logic__732: 
floating_point_v7_1_8_viv: 
logic__100: 
floating_point_v7_1_8: 
logic__459: 
reg__60: 
batch_align2D_ctrl_s_axi: 
logic__204: 
case__84: 
case__51: 
case__76: 
datapath__26: 
reg__69: 
datapath__27: 
logic__740: 
reg__26: 
logic__450: 
case__189: 
logic__686: 
logic__111: 
logic__337: 
logic__360: 
case__187: 
logic__436: 
case__147: 
logic__175: 
case__19: 
xbip_pipe_v3_0_6_viv: 
logic__508: 
case__79: 
logic__388: 
logic__246: 
reg__115: 
reg__65: 
logic__59: 
case__138: 
flt_round_dsp_opt_full: 
logic__197: 
muxpart__29: 
logic__542: 
logic__199: 
delay__parameterized13: 
muxpart__24: 
logic__662: 
case__98: 
logic__154: 
logic__329: 
datapath__7: 
reg__82: 
xbip_pipe_v3_0_6_viv__parameterized25: 
delay__parameterized1: 
datapath__33: 
logic__744: 
datapath__16: 
reg__9: 
signinv__1: 
datapath__37: 
logic__435: 
batch_align2D_gmem_m_axi_fifo__parameterized2: 
case__140: 
reg__110: 
xbip_pipe_v3_0_6_viv__parameterized19: 
case__63: 
case__27: 
logic__270: 
logic__55: 
logic__330: 
logic__424: 
case__105: 
case__173: 
logic__36: 
case__80: 
logic__78: 
logic__230: 
signinv__3: 
logic__359: 
xbip_pipe_v3_0_6_viv__parameterized9: 
logic__537: 
logic__675: 
logic__315: 
logic__229: 
logic__672: 
reg__35: 
