delay__parameterized1: xbip_pipe_v3_0_6_viv__parameterized5, 
delay__parameterized12: xbip_pipe_v3_0_6_viv__parameterized23, 
delay__parameterized18: xbip_pipe_v3_0_6_viv__parameterized33, 
delay__parameterized3: xbip_pipe_v3_0_6_viv__parameterized9, 
delay__parameterized19: xbip_pipe_v3_0_6_viv__parameterized35, 
delay__parameterized5: xbip_pipe_v3_0_6_viv__parameterized13, 
delay__parameterized14: xbip_pipe_v3_0_6_viv__parameterized25, 
delay__parameterized7: xbip_pipe_v3_0_6_viv__parameterized17, 
delay__parameterized4: xbip_pipe_v3_0_6_viv__parameterized11, 
delay__parameterized11: xbip_pipe_v3_0_6_viv__parameterized5, 
delay__parameterized17: xbip_pipe_v3_0_6_viv__parameterized31, 
delay__parameterized8: xbip_pipe_v3_0_6_viv__parameterized19, 
delay__parameterized6: xbip_pipe_v3_0_6_viv__parameterized15, 
delay__parameterized13: xbip_pipe_v3_0_6_viv__parameterized21, 
delay__parameterized2: xbip_pipe_v3_0_6_viv__parameterized7, 
delay__parameterized0: xbip_pipe_v3_0_6_viv__parameterized3, 
delay__parameterized9: xbip_pipe_v3_0_6_viv__parameterized3, 
delay__parameterized15: xbip_pipe_v3_0_6_viv__parameterized27, 
delay__parameterized16: xbip_pipe_v3_0_6_viv__parameterized29, 
delay__parameterized10: xbip_pipe_v3_0_6_viv__parameterized21, 
delay: xbip_pipe_v3_0_6_viv__parameterized1, 
