Copyright 1986-2018 Xilinx, Inc. All Rights Reserved.
-----------------------------------------------------------------------------------------------------------------------------
| Tool Version : Vivado v.2018.3 (lin64) Build 2405991 Thu Dec  6 23:36:41 MST 2018
| Date         : Wed Oct 16 18:19:35 2019
| Host         : compute.eees.dei.unibo.it running 64-bit CentOS Linux release 7.6.1810 (Core)
| Command      : report_utilization -file design_1_wrapper_utilization_placed.rpt -pb design_1_wrapper_utilization_placed.pb
| Design       : design_1_wrapper
| Device       : xczu9egffvb1156-2
| Design State : Fully Placed
-----------------------------------------------------------------------------------------------------------------------------

Utilization Design Information

Table of Contents
-----------------
1. CLB Logic
1.1 Summary of Registers by Type
2. CLB Logic Distribution
3. BLOCKRAM
4. ARITHMETIC
5. I/O
6. CLOCK
7. ADVANCED
8. CONFIGURATION
9. Primitives
10. Black Boxes
11. Instantiated Netlists

1. CLB Logic
------------

+----------------------------+-------+-------+-----------+-------+
|          Site Type         |  Used | Fixed | Available | Util% |
+----------------------------+-------+-------+-----------+-------+
| CLB LUTs                   | 48800 |     0 |    274080 | 17.81 |
|   LUT as Logic             | 46029 |     0 |    274080 | 16.79 |
|   LUT as Memory            |  2771 |     0 |    144000 |  1.92 |
|     LUT as Distributed RAM |  1728 |     0 |           |       |
|     LUT as Shift Register  |  1043 |     0 |           |       |
| CLB Registers              | 41385 |     0 |    548160 |  7.55 |
|   Register as Flip Flop    | 41385 |     0 |    548160 |  7.55 |
|   Register as Latch        |     0 |     0 |    548160 |  0.00 |
| CARRY8                     |  3152 |     0 |     34260 |  9.20 |
| F7 Muxes                   |   591 |     0 |    137040 |  0.43 |
| F8 Muxes                   |    88 |     0 |     68520 |  0.13 |
| F9 Muxes                   |     0 |     0 |     34260 |  0.00 |
+----------------------------+-------+-------+-----------+-------+


1.1 Summary of Registers by Type
--------------------------------

+-------+--------------+-------------+--------------+
| Total | Clock Enable | Synchronous | Asynchronous |
+-------+--------------+-------------+--------------+
| 0     |            _ |           - |            - |
| 0     |            _ |           - |          Set |
| 0     |            _ |           - |        Reset |
| 0     |            _ |         Set |            - |
| 0     |            _ |       Reset |            - |
| 0     |          Yes |           - |            - |
| 66    |          Yes |           - |          Set |
| 138   |          Yes |           - |        Reset |
| 325   |          Yes |         Set |            - |
| 40856 |          Yes |       Reset |            - |
+-------+--------------+-------------+--------------+


2. CLB Logic Distribution
-------------------------

+--------------------------------------------+-------+-------+-----------+-------+
|                  Site Type                 |  Used | Fixed | Available | Util% |
+--------------------------------------------+-------+-------+-----------+-------+
| CLB                                        |  8465 |     0 |     34260 | 24.71 |
|   CLBL                                     |  3818 |     0 |           |       |
|   CLBM                                     |  4647 |     0 |           |       |
| LUT as Logic                               | 46029 |     0 |    274080 | 16.79 |
|   using O5 output only                     |   451 |       |           |       |
|   using O6 output only                     | 39197 |       |           |       |
|   using O5 and O6                          |  6381 |       |           |       |
| LUT as Memory                              |  2771 |     0 |    144000 |  1.92 |
|   LUT as Distributed RAM                   |  1728 |     0 |           |       |
|     using O5 output only                   |     0 |       |           |       |
|     using O6 output only                   |     8 |       |           |       |
|     using O5 and O6                        |  1720 |       |           |       |
|   LUT as Shift Register                    |  1043 |     0 |           |       |
|     using O5 output only                   |     0 |       |           |       |
|     using O6 output only                   |   889 |       |           |       |
|     using O5 and O6                        |   154 |       |           |       |
| CLB Registers                              | 41385 |     0 |    548160 |  7.55 |
|   Register driven from within the CLB      | 25908 |       |           |       |
|   Register driven from outside the CLB     | 15477 |       |           |       |
|     LUT in front of the register is unused |  8843 |       |           |       |
|     LUT in front of the register is used   |  6634 |       |           |       |
| Unique Control Sets                        |  1305 |       |     68520 |  1.90 |
+--------------------------------------------+-------+-------+-----------+-------+
* Note: Available Control Sets calculated as CLB Registers / 8, Review the Control Sets Report for more information regarding control sets.


3. BLOCKRAM
-----------

+-------------------+-------+-------+-----------+-------+
|     Site Type     |  Used | Fixed | Available | Util% |
+-------------------+-------+-------+-----------+-------+
| Block RAM Tile    | 118.5 |     0 |       912 | 12.99 |
|   RAMB36/FIFO*    |   116 |     0 |       912 | 12.72 |
|     RAMB36E2 only |   116 |       |           |       |
|   RAMB18          |     5 |     0 |      1824 |  0.27 |
|     RAMB18E2 only |     5 |       |           |       |
+-------------------+-------+-------+-----------+-------+
* Note: Each Block RAM Tile only has one FIFO logic available and therefore can accommodate only one FIFO36E2 or one FIFO18E2. However, if a FIFO18E2 occupies a Block RAM Tile, that tile can still accommodate a RAMB18E2


4. ARITHMETIC
-------------

+----------------+------+-------+-----------+-------+
|    Site Type   | Used | Fixed | Available | Util% |
+----------------+------+-------+-----------+-------+
| DSPs           |  106 |     0 |      2520 |  4.21 |
|   DSP48E2 only |  106 |       |           |       |
+----------------+------+-------+-----------+-------+


5. I/O
------

+------------------+------+-------+-----------+-------+
|     Site Type    | Used | Fixed | Available | Util% |
+------------------+------+-------+-----------+-------+
| Bonded IOB       |    0 |     0 |       328 |  0.00 |
| HPIOB_M          |    0 |     0 |        96 |  0.00 |
| HPIOB_S          |    0 |     0 |        96 |  0.00 |
| HDIOB_M          |    0 |     0 |        60 |  0.00 |
| HDIOB_S          |    0 |     0 |        60 |  0.00 |
| HPIOB_SNGL       |    0 |     0 |        16 |  0.00 |
| HPIOBDIFFINBUF   |    0 |     0 |        96 |  0.00 |
| HPIOBDIFFOUTBUF  |    0 |     0 |        96 |  0.00 |
| HDIOBDIFFINBUF   |    0 |     0 |        60 |  0.00 |
| BITSLICE_CONTROL |    0 |     0 |        32 |  0.00 |
| BITSLICE_RX_TX   |    0 |     0 |       208 |  0.00 |
| BITSLICE_TX      |    0 |     0 |        32 |  0.00 |
| RIU_OR           |    0 |     0 |        16 |  0.00 |
+------------------+------+-------+-----------+-------+


6. CLOCK
--------

+----------------------+------+-------+-----------+-------+
|       Site Type      | Used | Fixed | Available | Util% |
+----------------------+------+-------+-----------+-------+
| GLOBAL CLOCK BUFFERs |    3 |     0 |       404 |  0.74 |
|   BUFGCE             |    2 |     0 |       116 |  1.72 |
|   BUFGCE_DIV         |    0 |     0 |        16 |  0.00 |
|   BUFG_GT            |    0 |     0 |       168 |  0.00 |
|   BUFG_PS            |    1 |     0 |        72 |  1.39 |
|   BUFGCTRL*          |    0 |     0 |        32 |  0.00 |
| PLL                  |    0 |     0 |         8 |  0.00 |
| MMCM                 |    0 |     0 |         4 |  0.00 |
+----------------------+------+-------+-----------+-------+
* Note: Each used BUFGCTRL counts as two global buffer resources. This table does not include global clocking resources, only buffer cell usage. See the Clock Utilization Report (report_clock_utilization) for detailed accounting of global clocking resource availability.


7. ADVANCED
-----------

+-----------------+------+-------+-----------+--------+
|    Site Type    | Used | Fixed | Available |  Util% |
+-----------------+------+-------+-----------+--------+
| GTHE4_CHANNEL   |    0 |     0 |        24 |   0.00 |
| GTHE4_COMMON    |    0 |     0 |         6 |   0.00 |
| OBUFDS_GTE4     |    0 |     0 |        12 |   0.00 |
| OBUFDS_GTE4_ADV |    0 |     0 |        12 |   0.00 |
| PS8             |    1 |     0 |         1 | 100.00 |
| SYSMONE4        |    0 |     0 |         1 |   0.00 |
+-----------------+------+-------+-----------+--------+


8. CONFIGURATION
----------------

+-------------+------+-------+-----------+-------+
|  Site Type  | Used | Fixed | Available | Util% |
+-------------+------+-------+-----------+-------+
| BSCANE2     |    0 |     0 |         4 |  0.00 |
| DNA_PORTE2  |    0 |     0 |         1 |  0.00 |
| EFUSE_USR   |    0 |     0 |         1 |  0.00 |
| FRAME_ECCE4 |    0 |     0 |         1 |  0.00 |
| ICAPE3      |    0 |     0 |         2 |  0.00 |
| MASTER_JTAG |    0 |     0 |         1 |  0.00 |
| STARTUPE3   |    0 |     0 |         1 |  0.00 |
+-------------+------+-------+-----------+-------+


9. Primitives
-------------

+----------+-------+---------------------+
| Ref Name |  Used | Functional Category |
+----------+-------+---------------------+
| FDRE     | 40856 |            Register |
| LUT3     | 23793 |                 CLB |
| LUT6     | 11533 |                 CLB |
| LUT4     |  7206 |                 CLB |
| LUT2     |  5276 |                 CLB |
| LUT5     |  3970 |                 CLB |
| CARRY8   |  3152 |                 CLB |
| RAMD32   |  3018 |                 CLB |
| SRL16E   |  1127 |                 CLB |
| LUT1     |   632 |                 CLB |
| MUXF7    |   591 |                 CLB |
| RAMS32   |   430 |                 CLB |
| FDSE     |   325 |            Register |
| FDCE     |   138 |            Register |
| RAMB36E2 |   116 |           Block Ram |
| DSP48E2  |   106 |          Arithmetic |
| MUXF8    |    88 |                 CLB |
| SRLC32E  |    70 |                 CLB |
| FDPE     |    66 |            Register |
| RAMB18E2 |     5 |           Block Ram |
| BUFGCE   |     2 |               Clock |
| PS8      |     1 |            Advanced |
| BUFG_PS  |     1 |               Clock |
+----------+-------+---------------------+


10. Black Boxes
---------------

+----------+------+
| Ref Name | Used |
+----------+------+


11. Instantiated Netlists
-------------------------

+------------------------------+------+
|           Ref Name           | Used |
+------------------------------+------+
| design_1_zynq_ultra_ps_e_0_0 |    1 |
| design_1_xbar_0              |    1 |
| design_1_rst_ps8_0_99M_0     |    1 |
| design_1_batch_align2D_0_0   |    1 |
| design_1_axi_smc_0           |    1 |
| design_1_auto_pc_1           |    1 |
| design_1_auto_pc_0           |    1 |
| design_1_auto_ds_1           |    1 |
| design_1_auto_ds_0           |    1 |
+------------------------------+------+


