

================================================================
== Vivado HLS Report for 'compute_inverse_hess_3'
================================================================
* Date:           Wed Oct 16 17:44:21 2019

* Version:        2018.3 (Build 2405991 on Thu Dec 06 23:56:15 MST 2018)
* Project:        batch_align2d_hls
* Solution:       solution1
* Product family: zynquplus
* Target device:  xczu9eg-ffvb1156-2-i


================================================================
== Performance Estimates
================================================================
+ Timing (ns): 
    * Summary: 
    +--------+-------+----------+------------+
    |  Clock | Target| Estimated| Uncertainty|
    +--------+-------+----------+------------+
    |ap_clk  |  10.00|     8.858|        1.25|
    +--------+-------+----------+------------+

+ Latency (clock cycles): 
    * Summary: 
    +-----+-----+-----+-----+---------+
    |  Latency  |  Interval | Pipeline|
    | min | max | min | max |   Type  |
    +-----+-----+-----+-----+---------+
    |  674|  674|  674|  674|   none  |
    +-----+-----+-----+-----+---------+

    + Detail: 
        * Instance: 
        N/A

        * Loop: 
        +-------------------+-----+-----+----------+-----------+-----------+------+----------+
        |                   |  Latency  | Iteration|  Initiation Interval  | Trip |          |
        |     Loop Name     | min | max |  Latency |  achieved |   target  | Count| Pipelined|
        +-------------------+-----+-----+----------+-----------+-----------+------+----------+
        |- compute_hessian  |  640|  640|        10|          -|          -|    64|    no    |
        +-------------------+-----+-----+----------+-----------+-----------+------+----------+



================================================================
== Utilization Estimates
================================================================
* Summary: 
+-----------------+---------+-------+--------+--------+-----+
|       Name      | BRAM_18K| DSP48E|   FF   |   LUT  | URAM|
+-----------------+---------+-------+--------+--------+-----+
|DSP              |        -|      -|       -|       -|    -|
|Expression       |        -|      -|       0|     251|    -|
|FIFO             |        -|      -|       -|       -|    -|
|Instance         |        -|     26|    4110|    7820|    -|
|Memory           |        -|      -|       -|       -|    -|
|Multiplexer      |        -|      -|       -|     776|    -|
|Register         |        -|      -|    1292|       -|    -|
+-----------------+---------+-------+--------+--------+-----+
|Total            |        0|     26|    5402|    8847|    0|
+-----------------+---------+-------+--------+--------+-----+
|Available        |     1824|   2520|  548160|  274080|    0|
+-----------------+---------+-------+--------+--------+-----+
|Utilization (%)  |        0|      1|   ~0   |       3|    0|
+-----------------+---------+-------+--------+--------+-----+

+ Detail: 
    * Instance: 
    +-----------------------------------------------------+--------------------------------------------------+---------+-------+-----+-----+
    |                       Instance                      |                      Module                      | BRAM_18K| DSP48E|  FF | LUT |
    +-----------------------------------------------------+--------------------------------------------------+---------+-------+-----+-----+
    |batch_align2D_faddfsub_32ns_32ns_32_4_full_dsp_1_U1  |batch_align2D_faddfsub_32ns_32ns_32_4_full_dsp_1  |        0|      2|  227|  214|
    |batch_align2D_faddfsub_32ns_32ns_32_4_full_dsp_1_U2  |batch_align2D_faddfsub_32ns_32ns_32_4_full_dsp_1  |        0|      2|  227|  214|
    |batch_align2D_faddfsub_32ns_32ns_32_4_full_dsp_1_U3  |batch_align2D_faddfsub_32ns_32ns_32_4_full_dsp_1  |        0|      2|  227|  214|
    |batch_align2D_fdiv_32ns_32ns_32_8_1_U11              |batch_align2D_fdiv_32ns_32ns_32_8_1               |        0|      0|  363|  802|
    |batch_align2D_fdiv_32ns_32ns_32_8_1_U12              |batch_align2D_fdiv_32ns_32ns_32_8_1               |        0|      0|  363|  802|
    |batch_align2D_fdiv_32ns_32ns_32_8_1_U13              |batch_align2D_fdiv_32ns_32ns_32_8_1               |        0|      0|  363|  802|
    |batch_align2D_fdiv_32ns_32ns_32_8_1_U14              |batch_align2D_fdiv_32ns_32ns_32_8_1               |        0|      0|  363|  802|
    |batch_align2D_fdiv_32ns_32ns_32_8_1_U15              |batch_align2D_fdiv_32ns_32ns_32_8_1               |        0|      0|  363|  802|
    |batch_align2D_fdiv_32ns_32ns_32_8_1_U16              |batch_align2D_fdiv_32ns_32ns_32_8_1               |        0|      0|  363|  802|
    |batch_align2D_fmul_32ns_32ns_32_2_max_dsp_1_U5       |batch_align2D_fmul_32ns_32ns_32_2_max_dsp_1       |        0|      3|  128|  135|
    |batch_align2D_fmul_32ns_32ns_32_2_max_dsp_1_U6       |batch_align2D_fmul_32ns_32ns_32_2_max_dsp_1       |        0|      3|  128|  135|
    |batch_align2D_fmul_32ns_32ns_32_2_max_dsp_1_U7       |batch_align2D_fmul_32ns_32ns_32_2_max_dsp_1       |        0|      3|  128|  135|
    |batch_align2D_fmul_32ns_32ns_32_2_max_dsp_1_U8       |batch_align2D_fmul_32ns_32ns_32_2_max_dsp_1       |        0|      3|  128|  135|
    |batch_align2D_fmul_32ns_32ns_32_2_max_dsp_1_U9       |batch_align2D_fmul_32ns_32ns_32_2_max_dsp_1       |        0|      3|  128|  135|
    |batch_align2D_fmul_32ns_32ns_32_2_max_dsp_1_U10      |batch_align2D_fmul_32ns_32ns_32_2_max_dsp_1       |        0|      3|  128|  135|
    |batch_align2D_fsub_32ns_32ns_32_4_full_dsp_1_U4      |batch_align2D_fsub_32ns_32ns_32_4_full_dsp_1      |        0|      2|  227|  214|
    |batch_align2D_mux_1007_8_1_1_U19                     |batch_align2D_mux_1007_8_1_1                      |        0|      0|    0|  165|
    |batch_align2D_mux_1007_8_1_1_U20                     |batch_align2D_mux_1007_8_1_1                      |        0|      0|    0|  165|
    |batch_align2D_mux_1007_8_1_1_U21                     |batch_align2D_mux_1007_8_1_1                      |        0|      0|    0|  165|
    |batch_align2D_mux_1007_8_1_1_U22                     |batch_align2D_mux_1007_8_1_1                      |        0|      0|    0|  165|
    |batch_align2D_sitofp_32s_32_3_1_U17                  |batch_align2D_sitofp_32s_32_3_1                   |        0|      0|  128|  341|
    |batch_align2D_sitofp_32s_32_3_1_U18                  |batch_align2D_sitofp_32s_32_3_1                   |        0|      0|  128|  341|
    +-----------------------------------------------------+--------------------------------------------------+---------+-------+-----+-----+
    |Total                                                |                                                  |        0|     26| 4110| 7820|
    +-----------------------------------------------------+--------------------------------------------------+---------+-------+-----+-----+

    * DSP48: 
    N/A

    * Memory: 
    N/A

    * FIFO: 
    N/A

    * Expression: 
    +-----------------------+----------+-------+---+----+------------+------------+
    |     Variable Name     | Operation| DSP48E| FF| LUT| Bitwidth P0| Bitwidth P1|
    +-----------------------+----------+-------+---+----+------------+------------+
    |i_1_fu_1111_p2         |     +    |      0|  0|  15|           7|           1|
    |tmp44_fu_1295_p2       |     +    |      0|  0|  15|           4|           5|
    |tmp45_fu_1427_p2       |     +    |      0|  0|  15|           5|           5|
    |tmp_41_fu_1155_p2      |     +    |      0|  0|  15|           7|           7|
    |tmp_45_fu_1185_p101    |     +    |      0|  0|  15|           7|           7|
    |tmp_47_fu_1311_p101    |     +    |      0|  0|  15|           7|           7|
    |tmp_51_fu_1443_p101    |     +    |      0|  0|  15|           7|           7|
    |tmp_54_fu_1565_p101    |     +    |      0|  0|  15|           7|           7|
    |tmp_fu_1169_p2         |     +    |      0|  0|  15|           4|           5|
    |tmp_48_fu_1421_p2      |     -    |      0|  0|  16|           9|           9|
    |tmp_55_fu_1675_p2      |     -    |      0|  0|  16|           9|           9|
    |exitcond_fu_1105_p2    |   icmp   |      0|  0|  11|           7|           8|
    |tmp_52_fu_1553_p2      |    or    |      0|  0|   7|           7|           1|
    |tmp_34_neg_fu_1692_p2  |    xor   |      0|  0|  33|          32|          33|
    |tmp_43_neg_fu_1707_p2  |    xor   |      0|  0|  33|          32|          33|
    +-----------------------+----------+-------+---+----+------------+------------+
    |Total                  |          |      0|  0| 251|         151|         144|
    +-----------------------+----------+-------+---+----+------------+------------+

    * Multiplexer: 
    +-------------------+-----+-----------+-----+-----------+
    |        Name       | LUT | Input Size| Bits| Total Bits|
    +-------------------+-----+-----------+-----+-----------+
    |ap_NS_fsm          |  197|         45|    1|         45|
    |ap_return_0        |    9|          2|   32|         64|
    |ap_return_1        |    9|          2|   32|         64|
    |ap_return_2        |    9|          2|   32|         64|
    |ap_return_3        |    9|          2|   32|         64|
    |ap_return_4        |    9|          2|   32|         64|
    |ap_return_5        |    9|          2|   32|         64|
    |ap_return_6        |    9|          2|   32|         64|
    |ap_return_7        |    9|          2|   32|         64|
    |ap_return_8        |    9|          2|   32|         64|
    |grp_fu_921_opcode  |   15|          3|    2|          6|
    |grp_fu_921_p0      |   33|          6|   32|        192|
    |grp_fu_921_p1      |   41|          8|   32|        256|
    |grp_fu_926_opcode  |   15|          3|    2|          6|
    |grp_fu_926_p0      |   27|          5|   32|        160|
    |grp_fu_926_p1      |   27|          5|   32|        160|
    |grp_fu_933_opcode  |   15|          3|    2|          6|
    |grp_fu_933_p0      |   15|          3|   32|         96|
    |grp_fu_933_p1      |   15|          3|   32|         96|
    |grp_fu_942_p0      |   44|          9|   32|        288|
    |grp_fu_942_p1      |   41|          8|   32|        256|
    |grp_fu_948_p0      |   33|          6|   32|        192|
    |grp_fu_948_p1      |   33|          6|   32|        192|
    |grp_fu_954_p0      |   33|          6|   32|        192|
    |grp_fu_954_p1      |   27|          5|   32|        160|
    |grp_fu_963_p0      |   15|          3|   32|         96|
    |grp_fu_963_p1      |   15|          3|   32|         96|
    |i_reg_910          |    9|          2|    7|         14|
    |tmp_2_reg_850      |    9|          2|   32|         64|
    |tmp_3_reg_862      |    9|          2|   32|         64|
    |tmp_4_reg_874      |    9|          2|   32|         64|
    |tmp_5_reg_886      |    9|          2|   32|         64|
    |tmp_6_reg_898      |    9|          2|   32|         64|
    +-------------------+-----+-----------+-----+-----------+
    |Total              |  776|        160|  910|       3405|
    +-------------------+-----+-----------+-----+-----------+

    * Register: 
    +------------------+----+----+-----+-----------+
    |       Name       | FF | LUT| Bits| Const Bits|
    +------------------+----+----+-----+-----------+
    |ap_CS_fsm         |  44|   0|   44|          0|
    |ap_return_0_preg  |  32|   0|   32|          0|
    |ap_return_1_preg  |  32|   0|   32|          0|
    |ap_return_2_preg  |  32|   0|   32|          0|
    |ap_return_3_preg  |  32|   0|   32|          0|
    |ap_return_4_preg  |  32|   0|   32|          0|
    |ap_return_5_preg  |  32|   0|   32|          0|
    |ap_return_6_preg  |  32|   0|   32|          0|
    |ap_return_7_preg  |  32|   0|   32|          0|
    |ap_return_8_preg  |  32|   0|   32|          0|
    |i_1_reg_2575      |   7|   0|    7|          0|
    |i_reg_910         |   7|   0|    7|          0|
    |reg_1008          |  32|   0|   32|          0|
    |reg_1018          |  32|   0|   32|          0|
    |reg_1031          |  32|   0|   32|          0|
    |reg_1041          |  32|   0|   32|          0|
    |reg_1053          |  32|   0|   32|          0|
    |reg_1059          |  32|   0|   32|          0|
    |reg_1065          |  32|   0|   32|          0|
    |reg_1071          |  32|   0|   32|          0|
    |reg_1076          |  32|   0|   32|          0|
    |reg_1083          |  32|   0|   32|          0|
    |reg_1090          |  32|   0|   32|          0|
    |reg_1095          |  32|   0|   32|          0|
    |reg_1100          |  32|   0|   32|          0|
    |tmp_10_reg_2629   |  32|   0|   32|          0|
    |tmp_14_reg_2616   |  32|   0|   32|          0|
    |tmp_17_reg_2635   |  32|   0|   32|          0|
    |tmp_26_reg_2651   |  32|   0|   32|          0|
    |tmp_2_reg_850     |  32|   0|   32|          0|
    |tmp_30_reg_2656   |  32|   0|   32|          0|
    |tmp_33_reg_2641   |  32|   0|   32|          0|
    |tmp_34_reg_2646   |  32|   0|   32|          0|
    |tmp_3_reg_862     |  32|   0|   32|          0|
    |tmp_40_reg_2661   |  32|   0|   32|          0|
    |tmp_48_reg_2580   |   9|   0|    9|          0|
    |tmp_49_reg_2600   |  32|   0|   32|          0|
    |tmp_4_reg_874     |  32|   0|   32|          0|
    |tmp_55_reg_2585   |   9|   0|    9|          0|
    |tmp_56_reg_2608   |  32|   0|   32|          0|
    |tmp_5_reg_886     |  32|   0|   32|          0|
    |tmp_6_reg_898     |  32|   0|   32|          0|
    |tmp_7_reg_2622    |  32|   0|   32|          0|
    +------------------+----+----+-----+-----------+
    |Total             |1292|   0| 1292|          0|
    +------------------+----+----+-----+-----------+



================================================================
== Interface
================================================================
* Summary: 
+-------------+-----+-----+------------+------------------------+--------------+
|  RTL Ports  | Dir | Bits|  Protocol  |      Source Object     |    C Type    |
+-------------+-----+-----+------------+------------------------+--------------+
|ap_clk       |  in |    1| ap_ctrl_hs | compute_inverse_hess.3 | return value |
|ap_rst       |  in |    1| ap_ctrl_hs | compute_inverse_hess.3 | return value |
|ap_start     |  in |    1| ap_ctrl_hs | compute_inverse_hess.3 | return value |
|ap_done      | out |    1| ap_ctrl_hs | compute_inverse_hess.3 | return value |
|ap_idle      | out |    1| ap_ctrl_hs | compute_inverse_hess.3 | return value |
|ap_ready     | out |    1| ap_ctrl_hs | compute_inverse_hess.3 | return value |
|ap_return_0  | out |   32| ap_ctrl_hs | compute_inverse_hess.3 | return value |
|ap_return_1  | out |   32| ap_ctrl_hs | compute_inverse_hess.3 | return value |
|ap_return_2  | out |   32| ap_ctrl_hs | compute_inverse_hess.3 | return value |
|ap_return_3  | out |   32| ap_ctrl_hs | compute_inverse_hess.3 | return value |
|ap_return_4  | out |   32| ap_ctrl_hs | compute_inverse_hess.3 | return value |
|ap_return_5  | out |   32| ap_ctrl_hs | compute_inverse_hess.3 | return value |
|ap_return_6  | out |   32| ap_ctrl_hs | compute_inverse_hess.3 | return value |
|ap_return_7  | out |   32| ap_ctrl_hs | compute_inverse_hess.3 | return value |
|ap_return_8  | out |   32| ap_ctrl_hs | compute_inverse_hess.3 | return value |
|p_read       |  in |    8|   ap_none  |         p_read         |    scalar    |
|p_read1      |  in |    8|   ap_none  |         p_read1        |    scalar    |
|p_read2      |  in |    8|   ap_none  |         p_read2        |    scalar    |
|p_read3      |  in |    8|   ap_none  |         p_read3        |    scalar    |
|p_read4      |  in |    8|   ap_none  |         p_read4        |    scalar    |
|p_read5      |  in |    8|   ap_none  |         p_read5        |    scalar    |
|p_read6      |  in |    8|   ap_none  |         p_read6        |    scalar    |
|p_read7      |  in |    8|   ap_none  |         p_read7        |    scalar    |
|p_read8      |  in |    8|   ap_none  |         p_read8        |    scalar    |
|p_read9      |  in |    8|   ap_none  |         p_read9        |    scalar    |
|p_read10     |  in |    8|   ap_none  |        p_read10        |    scalar    |
|p_read11     |  in |    8|   ap_none  |        p_read11        |    scalar    |
|p_read12     |  in |    8|   ap_none  |        p_read12        |    scalar    |
|p_read13     |  in |    8|   ap_none  |        p_read13        |    scalar    |
|p_read14     |  in |    8|   ap_none  |        p_read14        |    scalar    |
|p_read15     |  in |    8|   ap_none  |        p_read15        |    scalar    |
|p_read16     |  in |    8|   ap_none  |        p_read16        |    scalar    |
|p_read17     |  in |    8|   ap_none  |        p_read17        |    scalar    |
|p_read18     |  in |    8|   ap_none  |        p_read18        |    scalar    |
|p_read19     |  in |    8|   ap_none  |        p_read19        |    scalar    |
|p_read20     |  in |    8|   ap_none  |        p_read20        |    scalar    |
|p_read21     |  in |    8|   ap_none  |        p_read21        |    scalar    |
|p_read22     |  in |    8|   ap_none  |        p_read22        |    scalar    |
|p_read23     |  in |    8|   ap_none  |        p_read23        |    scalar    |
|p_read24     |  in |    8|   ap_none  |        p_read24        |    scalar    |
|p_read25     |  in |    8|   ap_none  |        p_read25        |    scalar    |
|p_read26     |  in |    8|   ap_none  |        p_read26        |    scalar    |
|p_read27     |  in |    8|   ap_none  |        p_read27        |    scalar    |
|p_read28     |  in |    8|   ap_none  |        p_read28        |    scalar    |
|p_read29     |  in |    8|   ap_none  |        p_read29        |    scalar    |
|p_read30     |  in |    8|   ap_none  |        p_read30        |    scalar    |
|p_read31     |  in |    8|   ap_none  |        p_read31        |    scalar    |
|p_read32     |  in |    8|   ap_none  |        p_read32        |    scalar    |
|p_read33     |  in |    8|   ap_none  |        p_read33        |    scalar    |
|p_read34     |  in |    8|   ap_none  |        p_read34        |    scalar    |
|p_read35     |  in |    8|   ap_none  |        p_read35        |    scalar    |
|p_read36     |  in |    8|   ap_none  |        p_read36        |    scalar    |
|p_read37     |  in |    8|   ap_none  |        p_read37        |    scalar    |
|p_read38     |  in |    8|   ap_none  |        p_read38        |    scalar    |
|p_read39     |  in |    8|   ap_none  |        p_read39        |    scalar    |
|p_read40     |  in |    8|   ap_none  |        p_read40        |    scalar    |
|p_read41     |  in |    8|   ap_none  |        p_read41        |    scalar    |
|p_read42     |  in |    8|   ap_none  |        p_read42        |    scalar    |
|p_read43     |  in |    8|   ap_none  |        p_read43        |    scalar    |
|p_read44     |  in |    8|   ap_none  |        p_read44        |    scalar    |
|p_read45     |  in |    8|   ap_none  |        p_read45        |    scalar    |
|p_read46     |  in |    8|   ap_none  |        p_read46        |    scalar    |
|p_read47     |  in |    8|   ap_none  |        p_read47        |    scalar    |
|p_read48     |  in |    8|   ap_none  |        p_read48        |    scalar    |
|p_read49     |  in |    8|   ap_none  |        p_read49        |    scalar    |
|p_read50     |  in |    8|   ap_none  |        p_read50        |    scalar    |
|p_read51     |  in |    8|   ap_none  |        p_read51        |    scalar    |
|p_read52     |  in |    8|   ap_none  |        p_read52        |    scalar    |
|p_read53     |  in |    8|   ap_none  |        p_read53        |    scalar    |
|p_read54     |  in |    8|   ap_none  |        p_read54        |    scalar    |
|p_read55     |  in |    8|   ap_none  |        p_read55        |    scalar    |
|p_read56     |  in |    8|   ap_none  |        p_read56        |    scalar    |
|p_read57     |  in |    8|   ap_none  |        p_read57        |    scalar    |
|p_read58     |  in |    8|   ap_none  |        p_read58        |    scalar    |
|p_read59     |  in |    8|   ap_none  |        p_read59        |    scalar    |
|p_read60     |  in |    8|   ap_none  |        p_read60        |    scalar    |
|p_read61     |  in |    8|   ap_none  |        p_read61        |    scalar    |
|p_read62     |  in |    8|   ap_none  |        p_read62        |    scalar    |
|p_read63     |  in |    8|   ap_none  |        p_read63        |    scalar    |
|p_read64     |  in |    8|   ap_none  |        p_read64        |    scalar    |
|p_read65     |  in |    8|   ap_none  |        p_read65        |    scalar    |
|p_read66     |  in |    8|   ap_none  |        p_read66        |    scalar    |
|p_read67     |  in |    8|   ap_none  |        p_read67        |    scalar    |
|p_read68     |  in |    8|   ap_none  |        p_read68        |    scalar    |
|p_read69     |  in |    8|   ap_none  |        p_read69        |    scalar    |
|p_read70     |  in |    8|   ap_none  |        p_read70        |    scalar    |
|p_read71     |  in |    8|   ap_none  |        p_read71        |    scalar    |
|p_read72     |  in |    8|   ap_none  |        p_read72        |    scalar    |
|p_read73     |  in |    8|   ap_none  |        p_read73        |    scalar    |
|p_read74     |  in |    8|   ap_none  |        p_read74        |    scalar    |
|p_read75     |  in |    8|   ap_none  |        p_read75        |    scalar    |
|p_read76     |  in |    8|   ap_none  |        p_read76        |    scalar    |
|p_read77     |  in |    8|   ap_none  |        p_read77        |    scalar    |
|p_read78     |  in |    8|   ap_none  |        p_read78        |    scalar    |
|p_read79     |  in |    8|   ap_none  |        p_read79        |    scalar    |
|p_read80     |  in |    8|   ap_none  |        p_read80        |    scalar    |
|p_read81     |  in |    8|   ap_none  |        p_read81        |    scalar    |
|p_read82     |  in |    8|   ap_none  |        p_read82        |    scalar    |
|p_read83     |  in |    8|   ap_none  |        p_read83        |    scalar    |
|p_read84     |  in |    8|   ap_none  |        p_read84        |    scalar    |
|p_read85     |  in |    8|   ap_none  |        p_read85        |    scalar    |
|p_read86     |  in |    8|   ap_none  |        p_read86        |    scalar    |
|p_read87     |  in |    8|   ap_none  |        p_read87        |    scalar    |
|p_read88     |  in |    8|   ap_none  |        p_read88        |    scalar    |
|p_read89     |  in |    8|   ap_none  |        p_read89        |    scalar    |
|p_read90     |  in |    8|   ap_none  |        p_read90        |    scalar    |
|p_read91     |  in |    8|   ap_none  |        p_read91        |    scalar    |
|p_read92     |  in |    8|   ap_none  |        p_read92        |    scalar    |
|p_read93     |  in |    8|   ap_none  |        p_read93        |    scalar    |
|p_read94     |  in |    8|   ap_none  |        p_read94        |    scalar    |
|p_read95     |  in |    8|   ap_none  |        p_read95        |    scalar    |
|p_read96     |  in |    8|   ap_none  |        p_read96        |    scalar    |
|p_read97     |  in |    8|   ap_none  |        p_read97        |    scalar    |
|p_read98     |  in |    8|   ap_none  |        p_read98        |    scalar    |
|p_read99     |  in |    8|   ap_none  |        p_read99        |    scalar    |
+-------------+-----+-----+------------+------------------------+--------------+

