

================================================================
== Vivado HLS Report for 'compute_inverse_hess'
================================================================
* Date:           Wed Oct 23 10:37:40 2019

* Version:        2018.3 (Build 2405991 on Thu Dec 06 23:56:15 MST 2018)
* Project:        batch_align2d_hls
* Solution:       solution1
* Product family: zynquplus
* Target device:  xczu9eg-ffvb1156-2-i


================================================================
== Performance Estimates
================================================================
+ Timing (ns): 
    * Summary: 
    +--------+-------+----------+------------+
    |  Clock | Target| Estimated| Uncertainty|
    +--------+-------+----------+------------+
    |ap_clk  |  10.00|     8.847|        1.25|
    +--------+-------+----------+------------+

+ Latency (clock cycles): 
    * Summary: 
    +-----+-----+-----+-----+---------+
    |  Latency  |  Interval | Pipeline|
    | min | max | min | max |   Type  |
    +-----+-----+-----+-----+---------+
    |  298|  298|  298|  298|   none  |
    +-----+-----+-----+-----+---------+

    + Detail: 
        * Instance: 
        N/A

        * Loop: 
        +-------------------+-----+-----+----------+-----------+-----------+------+----------+
        |                   |  Latency  | Iteration|  Initiation Interval  | Trip |          |
        |     Loop Name     | min | max |  Latency |  achieved |   target  | Count| Pipelined|
        +-------------------+-----+-----+----------+-----------+-----------+------+----------+
        |- compute_hessian  |  263|  263|        12|          4|          1|    64|    yes   |
        +-------------------+-----+-----+----------+-----------+-----------+------+----------+



================================================================
== Utilization Estimates
================================================================
* Summary: 
+-----------------+---------+-------+--------+--------+-----+
|       Name      | BRAM_18K| DSP48E|   FF   |   LUT  | URAM|
+-----------------+---------+-------+--------+--------+-----+
|DSP              |        -|      -|       -|       -|    -|
|Expression       |        -|      -|       0|     253|    -|
|FIFO             |        -|      -|       -|       -|    -|
|Instance         |        -|     26|    3982|    6887|    -|
|Memory           |        -|      -|       -|       -|    -|
|Multiplexer      |        -|      -|       -|     761|    -|
|Register         |        0|      -|    1387|      32|    -|
+-----------------+---------+-------+--------+--------+-----+
|Total            |        0|     26|    5369|    7933|    0|
+-----------------+---------+-------+--------+--------+-----+
|Available        |     1824|   2520|  548160|  274080|    0|
+-----------------+---------+-------+--------+--------+-----+
|Utilization (%)  |        0|      1|   ~0   |       2|    0|
+-----------------+---------+-------+--------+--------+-----+

+ Detail: 
    * Instance: 
    +-----------------------------------------------------+--------------------------------------------------+---------+-------+-----+-----+
    |                       Instance                      |                      Module                      | BRAM_18K| DSP48E|  FF | LUT |
    +-----------------------------------------------------+--------------------------------------------------+---------+-------+-----+-----+
    |batch_align2D_faddfsub_32ns_32ns_32_4_full_dsp_1_U1  |batch_align2D_faddfsub_32ns_32ns_32_4_full_dsp_1  |        0|      2|  227|  214|
    |batch_align2D_faddfsub_32ns_32ns_32_4_full_dsp_1_U2  |batch_align2D_faddfsub_32ns_32ns_32_4_full_dsp_1  |        0|      2|  227|  214|
    |batch_align2D_fdiv_32ns_32ns_32_8_1_U11              |batch_align2D_fdiv_32ns_32ns_32_8_1               |        0|      0|  363|  802|
    |batch_align2D_fdiv_32ns_32ns_32_8_1_U12              |batch_align2D_fdiv_32ns_32ns_32_8_1               |        0|      0|  363|  802|
    |batch_align2D_fdiv_32ns_32ns_32_8_1_U13              |batch_align2D_fdiv_32ns_32ns_32_8_1               |        0|      0|  363|  802|
    |batch_align2D_fdiv_32ns_32ns_32_8_1_U14              |batch_align2D_fdiv_32ns_32ns_32_8_1               |        0|      0|  363|  802|
    |batch_align2D_fdiv_32ns_32ns_32_8_1_U15              |batch_align2D_fdiv_32ns_32ns_32_8_1               |        0|      0|  363|  802|
    |batch_align2D_fdiv_32ns_32ns_32_8_1_U16              |batch_align2D_fdiv_32ns_32ns_32_8_1               |        0|      0|  363|  802|
    |batch_align2D_fmul_32ns_32ns_32_2_max_dsp_1_U5       |batch_align2D_fmul_32ns_32ns_32_2_max_dsp_1       |        0|      3|  128|  135|
    |batch_align2D_fmul_32ns_32ns_32_2_max_dsp_1_U6       |batch_align2D_fmul_32ns_32ns_32_2_max_dsp_1       |        0|      3|  128|  135|
    |batch_align2D_fmul_32ns_32ns_32_2_max_dsp_1_U7       |batch_align2D_fmul_32ns_32ns_32_2_max_dsp_1       |        0|      3|  128|  135|
    |batch_align2D_fmul_32ns_32ns_32_2_max_dsp_1_U8       |batch_align2D_fmul_32ns_32ns_32_2_max_dsp_1       |        0|      3|  128|  135|
    |batch_align2D_fmul_32ns_32ns_32_2_max_dsp_1_U9       |batch_align2D_fmul_32ns_32ns_32_2_max_dsp_1       |        0|      3|  128|  135|
    |batch_align2D_fmul_32ns_32ns_32_2_max_dsp_1_U10      |batch_align2D_fmul_32ns_32ns_32_2_max_dsp_1       |        0|      3|  128|  135|
    |batch_align2D_fsub_32ns_32ns_32_4_full_dsp_1_U3      |batch_align2D_fsub_32ns_32ns_32_4_full_dsp_1      |        0|      2|  227|  214|
    |batch_align2D_fsub_32ns_32ns_32_4_full_dsp_1_U4      |batch_align2D_fsub_32ns_32ns_32_4_full_dsp_1      |        0|      2|  227|  214|
    |batch_align2D_mux_1007_8_1_1_U18                     |batch_align2D_mux_1007_8_1_1                      |        0|      0|    0|   17|
    |batch_align2D_mux_1007_8_1_1_U19                     |batch_align2D_mux_1007_8_1_1                      |        0|      0|    0|   17|
    |batch_align2D_mux_1007_8_1_1_U20                     |batch_align2D_mux_1007_8_1_1                      |        0|      0|    0|   17|
    |batch_align2D_mux_1007_8_1_1_U21                     |batch_align2D_mux_1007_8_1_1                      |        0|      0|    0|   17|
    |batch_align2D_sitofp_32s_32_3_1_U17                  |batch_align2D_sitofp_32s_32_3_1                   |        0|      0|  128|  341|
    +-----------------------------------------------------+--------------------------------------------------+---------+-------+-----+-----+
    |Total                                                |                                                  |        0|     26| 3982| 6887|
    +-----------------------------------------------------+--------------------------------------------------+---------+-------+-----+-----+

    * DSP48: 
    N/A

    * Memory: 
    N/A

    * FIFO: 
    N/A

    * Expression: 
    +-----------------------+----------+-------+---+----+------------+------------+
    |     Variable Name     | Operation| DSP48E| FF| LUT| Bitwidth P0| Bitwidth P1|
    +-----------------------+----------+-------+---+----+------------+------------+
    |i_1_fu_1122_p2         |     +    |      0|  0|  15|           7|           1|
    |tmp2_fu_1180_p2        |     +    |      0|  0|  15|           4|           5|
    |tmp44_fu_1306_p2       |     +    |      0|  0|  15|           4|           5|
    |tmp46_fu_1438_p2       |     +    |      0|  0|  15|           5|           5|
    |tmp_41_fu_1166_p2      |     +    |      0|  0|  15|           7|           7|
    |tmp_43_fu_1196_p101    |     +    |      0|  0|  15|           7|           7|
    |tmp_45_fu_1322_p101    |     +    |      0|  0|  15|           7|           7|
    |tmp_49_fu_1454_p101    |     +    |      0|  0|  15|           7|           7|
    |tmp_52_fu_1576_p101    |     +    |      0|  0|  15|           7|           7|
    |tmp_46_fu_1432_p2      |     -    |      0|  0|  16|           9|           9|
    |tmp_53_fu_1686_p2      |     -    |      0|  0|  16|           9|           9|
    |exitcond_fu_1116_p2    |   icmp   |      0|  0|  11|           7|           8|
    |tmp_50_fu_1564_p2      |    or    |      0|  0|   7|           7|           1|
    |ap_enable_pp0          |    xor   |      0|  0|   2|           1|           2|
    |tmp_34_neg_fu_1704_p2  |    xor   |      0|  0|  33|          32|          33|
    |tmp_43_neg_fu_1718_p2  |    xor   |      0|  0|  33|          32|          33|
    +-----------------------+----------+-------+---+----+------------+------------+
    |Total                  |          |      0|  0| 253|         152|         146|
    +-----------------------+----------+-------+---+----+------------+------------+

    * Multiplexer: 
    +--------------------------------+-----+-----------+-----+-----------+
    |              Name              | LUT | Input Size| Bits| Total Bits|
    +--------------------------------+-----+-----------+-----+-----------+
    |ap_NS_fsm                       |  177|         40|    1|         40|
    |ap_enable_reg_pp0_iter2         |    9|          2|    1|          2|
    |ap_phi_mux_i_phi_fu_928_p4      |    9|          2|    7|         14|
    |ap_phi_mux_tmp_2_phi_fu_868_p4  |    9|          2|   32|         64|
    |ap_phi_mux_tmp_4_phi_fu_892_p4  |    9|          2|   32|         64|
    |ap_phi_mux_tmp_5_phi_fu_904_p4  |    9|          2|   32|         64|
    |ap_phi_mux_tmp_6_phi_fu_916_p4  |    9|          2|   32|         64|
    |ap_return_0                     |    9|          2|   32|         64|
    |ap_return_1                     |    9|          2|   32|         64|
    |ap_return_2                     |    9|          2|   32|         64|
    |ap_return_3                     |    9|          2|   32|         64|
    |ap_return_4                     |    9|          2|   32|         64|
    |ap_return_5                     |    9|          2|   32|         64|
    |ap_return_6                     |    9|          2|   32|         64|
    |ap_return_7                     |    9|          2|   32|         64|
    |ap_return_8                     |    9|          2|   32|         64|
    |grp_fu_1016_p0                  |   15|          3|   32|         96|
    |grp_fu_935_opcode               |   15|          3|    2|          6|
    |grp_fu_935_p0                   |   38|          7|   32|        224|
    |grp_fu_935_p1                   |   47|         10|   32|        320|
    |grp_fu_943_opcode               |   15|          3|    2|          6|
    |grp_fu_943_p0                   |   21|          4|   32|        128|
    |grp_fu_943_p1                   |   21|          4|   32|        128|
    |grp_fu_956_p0                   |   47|         10|   32|        320|
    |grp_fu_956_p1                   |   44|          9|   32|        288|
    |grp_fu_962_p0                   |   27|          5|   32|        160|
    |grp_fu_962_p1                   |   27|          5|   32|        160|
    |grp_fu_968_p0                   |   27|          5|   32|        160|
    |grp_fu_968_p1                   |   21|          4|   32|        128|
    |grp_fu_977_p0                   |   15|          3|   32|         96|
    |grp_fu_977_p1                   |   15|          3|   32|         96|
    |i_reg_924                       |    9|          2|    7|         14|
    |tmp_2_reg_864                   |    9|          2|   32|         64|
    |tmp_3_reg_876                   |    9|          2|   32|         64|
    |tmp_4_reg_888                   |    9|          2|   32|         64|
    |tmp_5_reg_900                   |    9|          2|   32|         64|
    |tmp_6_reg_912                   |    9|          2|   32|         64|
    +--------------------------------+-----+-----------+-----+-----------+
    |Total                           |  761|        160| 1012|       3538|
    +--------------------------------+-----+-----------+-----+-----------+

    * Register: 
    +-------------------------+----+----+-----+-----------+
    |           Name          | FF | LUT| Bits| Const Bits|
    +-------------------------+----+----+-----+-----------+
    |ap_CS_fsm                |  39|   0|   39|          0|
    |ap_enable_reg_pp0_iter0  |   1|   0|    1|          0|
    |ap_enable_reg_pp0_iter1  |   1|   0|    1|          0|
    |ap_enable_reg_pp0_iter2  |   1|   0|    1|          0|
    |ap_return_0_preg         |  32|   0|   32|          0|
    |ap_return_1_preg         |  32|   0|   32|          0|
    |ap_return_2_preg         |  32|   0|   32|          0|
    |ap_return_3_preg         |  32|   0|   32|          0|
    |ap_return_4_preg         |  32|   0|   32|          0|
    |ap_return_5_preg         |  32|   0|   32|          0|
    |ap_return_6_preg         |  32|   0|   32|          0|
    |ap_return_7_preg         |  32|   0|   32|          0|
    |ap_return_8_preg         |  32|   0|   32|          0|
    |exitcond_reg_2583        |   1|   0|    1|          0|
    |i_1_reg_2587             |   7|   0|    7|          0|
    |i_reg_924                |   7|   0|    7|          0|
    |reg_1019                 |  32|   0|   32|          0|
    |reg_1029                 |  32|   0|   32|          0|
    |reg_1036                 |  32|   0|   32|          0|
    |reg_1048                 |  32|   0|   32|          0|
    |reg_1056                 |  32|   0|   32|          0|
    |reg_1062                 |  32|   0|   32|          0|
    |reg_1067                 |  32|   0|   32|          0|
    |reg_1073                 |  32|   0|   32|          0|
    |reg_1085                 |  32|   0|   32|          0|
    |reg_1094                 |  32|   0|   32|          0|
    |reg_1101                 |  32|   0|   32|          0|
    |reg_1106                 |  32|   0|   32|          0|
    |reg_1111                 |  32|   0|   32|          0|
    |tmp_10_reg_2637          |  32|   0|   32|          0|
    |tmp_14_reg_2631          |  32|   0|   32|          0|
    |tmp_17_reg_2643          |  32|   0|   32|          0|
    |tmp_26_reg_2659          |  32|   0|   32|          0|
    |tmp_27_reg_2674          |  32|   0|   32|          0|
    |tmp_2_reg_864            |  32|   0|   32|          0|
    |tmp_33_reg_2649          |  32|   0|   32|          0|
    |tmp_34_reg_2654          |  32|   0|   32|          0|
    |tmp_36_reg_2664          |  32|   0|   32|          0|
    |tmp_39_reg_2669          |  32|   0|   32|          0|
    |tmp_3_reg_876            |  32|   0|   32|          0|
    |tmp_46_reg_2592          |   9|   0|    9|          0|
    |tmp_47_reg_2612          |  32|   0|   32|          0|
    |tmp_4_reg_888            |  32|   0|   32|          0|
    |tmp_53_reg_2597          |   9|   0|    9|          0|
    |tmp_54_reg_2619          |  32|   0|   32|          0|
    |tmp_58_reg_2626          |  32|   0|   32|          0|
    |tmp_5_reg_900            |  32|   0|   32|          0|
    |tmp_6_reg_912            |  32|   0|   32|          0|
    |exitcond_reg_2583        |  64|  32|    1|          0|
    +-------------------------+----+----+-----+-----------+
    |Total                    |1387|  32| 1324|          0|
    +-------------------------+----+----+-----+-----------+



================================================================
== Interface
================================================================
* Summary: 
+-------------+-----+-----+------------+----------------------+--------------+
|  RTL Ports  | Dir | Bits|  Protocol  |     Source Object    |    C Type    |
+-------------+-----+-----+------------+----------------------+--------------+
|ap_clk       |  in |    1| ap_ctrl_hs | compute_inverse_hess | return value |
|ap_rst       |  in |    1| ap_ctrl_hs | compute_inverse_hess | return value |
|ap_start     |  in |    1| ap_ctrl_hs | compute_inverse_hess | return value |
|ap_done      | out |    1| ap_ctrl_hs | compute_inverse_hess | return value |
|ap_idle      | out |    1| ap_ctrl_hs | compute_inverse_hess | return value |
|ap_ready     | out |    1| ap_ctrl_hs | compute_inverse_hess | return value |
|ap_return_0  | out |   32| ap_ctrl_hs | compute_inverse_hess | return value |
|ap_return_1  | out |   32| ap_ctrl_hs | compute_inverse_hess | return value |
|ap_return_2  | out |   32| ap_ctrl_hs | compute_inverse_hess | return value |
|ap_return_3  | out |   32| ap_ctrl_hs | compute_inverse_hess | return value |
|ap_return_4  | out |   32| ap_ctrl_hs | compute_inverse_hess | return value |
|ap_return_5  | out |   32| ap_ctrl_hs | compute_inverse_hess | return value |
|ap_return_6  | out |   32| ap_ctrl_hs | compute_inverse_hess | return value |
|ap_return_7  | out |   32| ap_ctrl_hs | compute_inverse_hess | return value |
|ap_return_8  | out |   32| ap_ctrl_hs | compute_inverse_hess | return value |
|p_read       |  in |    8|   ap_none  |        p_read        |    scalar    |
|p_read1      |  in |    8|   ap_none  |        p_read1       |    scalar    |
|p_read2      |  in |    8|   ap_none  |        p_read2       |    scalar    |
|p_read3      |  in |    8|   ap_none  |        p_read3       |    scalar    |
|p_read4      |  in |    8|   ap_none  |        p_read4       |    scalar    |
|p_read5      |  in |    8|   ap_none  |        p_read5       |    scalar    |
|p_read6      |  in |    8|   ap_none  |        p_read6       |    scalar    |
|p_read7      |  in |    8|   ap_none  |        p_read7       |    scalar    |
|p_read8      |  in |    8|   ap_none  |        p_read8       |    scalar    |
|p_read9      |  in |    8|   ap_none  |        p_read9       |    scalar    |
|p_read10     |  in |    8|   ap_none  |       p_read10       |    scalar    |
|p_read11     |  in |    8|   ap_none  |       p_read11       |    scalar    |
|p_read12     |  in |    8|   ap_none  |       p_read12       |    scalar    |
|p_read13     |  in |    8|   ap_none  |       p_read13       |    scalar    |
|p_read14     |  in |    8|   ap_none  |       p_read14       |    scalar    |
|p_read15     |  in |    8|   ap_none  |       p_read15       |    scalar    |
|p_read16     |  in |    8|   ap_none  |       p_read16       |    scalar    |
|p_read17     |  in |    8|   ap_none  |       p_read17       |    scalar    |
|p_read18     |  in |    8|   ap_none  |       p_read18       |    scalar    |
|p_read19     |  in |    8|   ap_none  |       p_read19       |    scalar    |
|p_read20     |  in |    8|   ap_none  |       p_read20       |    scalar    |
|p_read21     |  in |    8|   ap_none  |       p_read21       |    scalar    |
|p_read22     |  in |    8|   ap_none  |       p_read22       |    scalar    |
|p_read23     |  in |    8|   ap_none  |       p_read23       |    scalar    |
|p_read24     |  in |    8|   ap_none  |       p_read24       |    scalar    |
|p_read25     |  in |    8|   ap_none  |       p_read25       |    scalar    |
|p_read26     |  in |    8|   ap_none  |       p_read26       |    scalar    |
|p_read27     |  in |    8|   ap_none  |       p_read27       |    scalar    |
|p_read28     |  in |    8|   ap_none  |       p_read28       |    scalar    |
|p_read29     |  in |    8|   ap_none  |       p_read29       |    scalar    |
|p_read30     |  in |    8|   ap_none  |       p_read30       |    scalar    |
|p_read31     |  in |    8|   ap_none  |       p_read31       |    scalar    |
|p_read32     |  in |    8|   ap_none  |       p_read32       |    scalar    |
|p_read33     |  in |    8|   ap_none  |       p_read33       |    scalar    |
|p_read34     |  in |    8|   ap_none  |       p_read34       |    scalar    |
|p_read35     |  in |    8|   ap_none  |       p_read35       |    scalar    |
|p_read36     |  in |    8|   ap_none  |       p_read36       |    scalar    |
|p_read37     |  in |    8|   ap_none  |       p_read37       |    scalar    |
|p_read38     |  in |    8|   ap_none  |       p_read38       |    scalar    |
|p_read39     |  in |    8|   ap_none  |       p_read39       |    scalar    |
|p_read40     |  in |    8|   ap_none  |       p_read40       |    scalar    |
|p_read41     |  in |    8|   ap_none  |       p_read41       |    scalar    |
|p_read42     |  in |    8|   ap_none  |       p_read42       |    scalar    |
|p_read43     |  in |    8|   ap_none  |       p_read43       |    scalar    |
|p_read44     |  in |    8|   ap_none  |       p_read44       |    scalar    |
|p_read45     |  in |    8|   ap_none  |       p_read45       |    scalar    |
|p_read46     |  in |    8|   ap_none  |       p_read46       |    scalar    |
|p_read47     |  in |    8|   ap_none  |       p_read47       |    scalar    |
|p_read48     |  in |    8|   ap_none  |       p_read48       |    scalar    |
|p_read49     |  in |    8|   ap_none  |       p_read49       |    scalar    |
|p_read50     |  in |    8|   ap_none  |       p_read50       |    scalar    |
|p_read51     |  in |    8|   ap_none  |       p_read51       |    scalar    |
|p_read52     |  in |    8|   ap_none  |       p_read52       |    scalar    |
|p_read53     |  in |    8|   ap_none  |       p_read53       |    scalar    |
|p_read54     |  in |    8|   ap_none  |       p_read54       |    scalar    |
|p_read55     |  in |    8|   ap_none  |       p_read55       |    scalar    |
|p_read56     |  in |    8|   ap_none  |       p_read56       |    scalar    |
|p_read57     |  in |    8|   ap_none  |       p_read57       |    scalar    |
|p_read58     |  in |    8|   ap_none  |       p_read58       |    scalar    |
|p_read59     |  in |    8|   ap_none  |       p_read59       |    scalar    |
|p_read60     |  in |    8|   ap_none  |       p_read60       |    scalar    |
|p_read61     |  in |    8|   ap_none  |       p_read61       |    scalar    |
|p_read62     |  in |    8|   ap_none  |       p_read62       |    scalar    |
|p_read63     |  in |    8|   ap_none  |       p_read63       |    scalar    |
|p_read64     |  in |    8|   ap_none  |       p_read64       |    scalar    |
|p_read65     |  in |    8|   ap_none  |       p_read65       |    scalar    |
|p_read66     |  in |    8|   ap_none  |       p_read66       |    scalar    |
|p_read67     |  in |    8|   ap_none  |       p_read67       |    scalar    |
|p_read68     |  in |    8|   ap_none  |       p_read68       |    scalar    |
|p_read69     |  in |    8|   ap_none  |       p_read69       |    scalar    |
|p_read70     |  in |    8|   ap_none  |       p_read70       |    scalar    |
|p_read71     |  in |    8|   ap_none  |       p_read71       |    scalar    |
|p_read72     |  in |    8|   ap_none  |       p_read72       |    scalar    |
|p_read73     |  in |    8|   ap_none  |       p_read73       |    scalar    |
|p_read74     |  in |    8|   ap_none  |       p_read74       |    scalar    |
|p_read75     |  in |    8|   ap_none  |       p_read75       |    scalar    |
|p_read76     |  in |    8|   ap_none  |       p_read76       |    scalar    |
|p_read77     |  in |    8|   ap_none  |       p_read77       |    scalar    |
|p_read78     |  in |    8|   ap_none  |       p_read78       |    scalar    |
|p_read79     |  in |    8|   ap_none  |       p_read79       |    scalar    |
|p_read80     |  in |    8|   ap_none  |       p_read80       |    scalar    |
|p_read81     |  in |    8|   ap_none  |       p_read81       |    scalar    |
|p_read82     |  in |    8|   ap_none  |       p_read82       |    scalar    |
|p_read83     |  in |    8|   ap_none  |       p_read83       |    scalar    |
|p_read84     |  in |    8|   ap_none  |       p_read84       |    scalar    |
|p_read85     |  in |    8|   ap_none  |       p_read85       |    scalar    |
|p_read86     |  in |    8|   ap_none  |       p_read86       |    scalar    |
|p_read87     |  in |    8|   ap_none  |       p_read87       |    scalar    |
|p_read88     |  in |    8|   ap_none  |       p_read88       |    scalar    |
|p_read89     |  in |    8|   ap_none  |       p_read89       |    scalar    |
|p_read90     |  in |    8|   ap_none  |       p_read90       |    scalar    |
|p_read91     |  in |    8|   ap_none  |       p_read91       |    scalar    |
|p_read92     |  in |    8|   ap_none  |       p_read92       |    scalar    |
|p_read93     |  in |    8|   ap_none  |       p_read93       |    scalar    |
|p_read94     |  in |    8|   ap_none  |       p_read94       |    scalar    |
|p_read95     |  in |    8|   ap_none  |       p_read95       |    scalar    |
|p_read96     |  in |    8|   ap_none  |       p_read96       |    scalar    |
|p_read97     |  in |    8|   ap_none  |       p_read97       |    scalar    |
|p_read98     |  in |    8|   ap_none  |       p_read98       |    scalar    |
|p_read99     |  in |    8|   ap_none  |       p_read99       |    scalar    |
+-------------+-----+-----+------------+----------------------+--------------+

